Using JAVA_HOME=/opt/homebrew/opt/openjdk@21/libexec/openjdk.jdk/Contents/Home
[INFO] Scanning for projects...
Downloading from central: https://repo.maven.apache.org/maven2/org/springframework/boot/spring-boot-starter-parent/3.4.2/spring-boot-starter-parent-3.4.2.pom
Progress (1): 1.1 kBProgress (1): 2.7 kBProgress (1): 6.7 kBProgress (1): 11 kB Progress (1): 13 kB                   Downloaded from central: https://repo.maven.apache.org/maven2/org/springframework/boot/spring-boot-starter-parent/3.4.2/spring-boot-starter-parent-3.4.2.pom (13 kB at 23 kB/s)
Downloading from central: https://repo.maven.apache.org/maven2/org/springframework/boot/spring-boot-dependencies/3.4.2/spring-boot-dependencies-3.4.2.pom
Progress (1): 1.1 kBProgress (1): 2.6 kBProgress (1): 5.0 kBProgress (1): 7.3 kBProgress (1): 8.2 kBProgress (1): 10 kB Progress (1): 12 kBProgress (1): 18 kBProgress (1): 27 kBProgress (1): 36 kBProgress (1): 41 kBProgress (1): 49 kBProgress (1): 57 kBProgress (1): 65 kBProgress (1): 76 kBProgress (1): 83 kBProgress (1): 88 kBProgress (1): 95 kBProgress (1): 97 kB                   Downloaded from central: https://repo.maven.apache.org/maven2/org/springframework/boot/spring-boot-dependencies/3.4.2/spring-boot-dependencies-3.4.2.pom (97 kB at 1.1 MB/s)
Downloading from central: https://repo.maven.apache.org/maven2/org/infinispan/infinispan-bom/15.0.12.Final/infinispan-bom-15.0.12.Final.pom
Progress (1): 1.1 kBProgress (1): 4.0 kBProgress (1): 18 kB Progress (1): 18 kB                   Downloaded from central: https://repo.maven.apache.org/maven2/org/infinispan/infinispan-bom/15.0.12.Final/infinispan-bom-15.0.12.Final.pom (18 kB at 180 kB/s)
Downloading from central: https://repo.maven.apache.org/maven2/org/infinispan/infinispan-build-configuration-parent/15.0.12.Final/infinispan-build-configuration-parent-15.0.12.Final.pom
Progress (1): 992 BProgress (1): 3.2 kBProgress (1): 4.7 kBProgress (1): 6.7 kBProgress (1): 9.0 kBProgress (1): 10 kB Progress (1): 13 kBProgress (1): 15 kBProgress (1): 17 kBProgress (1): 19 kB                   Downloaded from central: https://repo.maven.apache.org/maven2/org/infinispan/infinispan-build-configuration-parent/15.0.12.Final/infinispan-build-configuration-parent-15.0.12.Final.pom (19 kB at 223 kB/s)
Downloading from central: https://repo.maven.apache.org/maven2/io/micrometer/micrometer-bom/1.14.3/micrometer-bom-1.14.3.pom
Progress (1): 1.0 kBProgress (1): 7.4 kBProgress (1): 8.6 kB                    Downloaded from central: https://repo.maven.apache.org/maven2/io/micrometer/micrometer-bom/1.14.3/micrometer-bom-1.14.3.pom (8.6 kB at 92 kB/s)
Downloading from central: https://repo.maven.apache.org/maven2/io/micrometer/micrometer-tracing-bom/1.4.2/micrometer-tracing-bom-1.4.2.pom
Progress (1): 1.0 kBProgress (1): 3.5 kBProgress (1): 4.5 kB                    Downloaded from central: https://repo.maven.apache.org/maven2/io/micrometer/micrometer-tracing-bom/1.4.2/micrometer-tracing-bom-1.4.2.pom (4.5 kB at 53 kB/s)
Downloading from central: https://repo.maven.apache.org/maven2/io/netty/netty-bom/4.1.117.Final/netty-bom-4.1.117.Final.pom
Progress (1): 786 BProgress (1): 2.0 kBProgress (1): 10 kB Progress (1): 14 kB                   Downloaded from central: https://repo.maven.apache.org/maven2/io/netty/netty-bom/4.1.117.Final/netty-bom-4.1.117.Final.pom (14 kB at 145 kB/s)
Downloading from central: https://repo.maven.apache.org/maven2/io/prometheus/prometheus-metrics-bom/1.3.5/prometheus-metrics-bom-1.3.5.pom
Progress (1): 3.1 kBProgress (1): 5.5 kB                    Downloaded from central: https://repo.maven.apache.org/maven2/io/prometheus/prometheus-metrics-bom/1.3.5/prometheus-metrics-bom-1.3.5.pom (5.5 kB at 62 kB/s)
Downloading from central: https://repo.maven.apache.org/maven2/io/prometheus/client_java/1.3.5/client_java-1.3.5.pom
Progress (1): 1.0 kBProgress (1): 2.7 kBProgress (1): 5.9 kBProgress (1): 10 kB Progress (1): 13 kBProgress (1): 16 kBProgress (1): 20 kBProgress (1): 22 kB                   Downloaded from central: https://repo.maven.apache.org/maven2/io/prometheus/client_java/1.3.5/client_java-1.3.5.pom (22 kB at 245 kB/s)
Downloading from central: https://repo.maven.apache.org/maven2/io/projectreactor/reactor-bom/2024.0.2/reactor-bom-2024.0.2.pom
Progress (1): 907 BProgress (1): 4.4 kBProgress (1): 4.8 kB                    Downloaded from central: https://repo.maven.apache.org/maven2/io/projectreactor/reactor-bom/2024.0.2/reactor-bom-2024.0.2.pom (4.8 kB at 55 kB/s)
Downloading from central: https://repo.maven.apache.org/maven2/io/rest-assured/rest-assured-bom/5.5.0/rest-assured-bom-5.5.0.pom
Progress (1): 1.1 kBProgress (1): 5.0 kBProgress (1): 5.0 kB                    Downloaded from central: https://repo.maven.apache.org/maven2/io/rest-assured/rest-assured-bom/5.5.0/rest-assured-bom-5.5.0.pom (5.0 kB at 53 kB/s)
Downloading from central: https://repo.maven.apache.org/maven2/org/springframework/amqp/spring-amqp-bom/3.2.2/spring-amqp-bom-3.2.2.pom
Progress (1): 963 BProgress (1): 2.8 kBProgress (1): 3.9 kB                    Downloaded from central: https://repo.maven.apache.org/maven2/org/springframework/amqp/spring-amqp-bom/3.2.2/spring-amqp-bom-3.2.2.pom (3.9 kB at 40 kB/s)
Downloading from central: https://repo.maven.apache.org/maven2/org/springframework/data/spring-data-bom/2024.1.2/spring-data-bom-2024.1.2.pom
Progress (1): 960 BProgress (1): 2.5 kBProgress (1): 5.5 kB                    Downloaded from central: https://repo.maven.apache.org/maven2/org/springframework/data/spring-data-bom/2024.1.2/spring-data-bom-2024.1.2.pom (5.5 kB at 63 kB/s)
Downloading from central: https://repo.maven.apache.org/maven2/org/springframework/spring-framework-bom/6.2.2/spring-framework-bom-6.2.2.pom
Progress (1): 979 BProgress (1): 5.8 kB                    Downloaded from central: https://repo.maven.apache.org/maven2/org/springframework/spring-framework-bom/6.2.2/spring-framework-bom-6.2.2.pom (5.8 kB at 66 kB/s)
Downloading from central: https://repo.maven.apache.org/maven2/org/springframework/integration/spring-integration-bom/6.4.1/spring-integration-bom-6.4.1.pom
Progress (1): 962 BProgress (1): 6.7 kBProgress (1): 10 kB                    Downloaded from central: https://repo.maven.apache.org/maven2/org/springframework/integration/spring-integration-bom/6.4.1/spring-integration-bom-6.4.1.pom (10 kB at 61 kB/s)
Downloading from central: https://repo.maven.apache.org/maven2/org/springframework/pulsar/spring-pulsar-bom/1.2.2/spring-pulsar-bom-1.2.2.pom
Progress (1): 959 BProgress (1): 2.9 kB                    Downloaded from central: https://repo.maven.apache.org/maven2/org/springframework/pulsar/spring-pulsar-bom/1.2.2/spring-pulsar-bom-1.2.2.pom (2.9 kB at 33 kB/s)
Downloading from central: https://repo.maven.apache.org/maven2/org/springframework/security/spring-security-bom/6.4.2/spring-security-bom-6.4.2.pom
Progress (1): 973 BProgress (1): 5.3 kB                    Downloaded from central: https://repo.maven.apache.org/maven2/org/springframework/security/spring-security-bom/6.4.2/spring-security-bom-6.4.2.pom (5.3 kB at 56 kB/s)
Downloading from central: https://repo.maven.apache.org/maven2/org/springframework/session/spring-session-bom/3.4.1/spring-session-bom-3.4.1.pom
Progress (1): 1.0 kBProgress (1): 2.9 kB                    Downloaded from central: https://repo.maven.apache.org/maven2/org/springframework/session/spring-session-bom/3.4.1/spring-session-bom-3.4.1.pom (2.9 kB at 32 kB/s)
[ERROR] [ERROR] Some problems were encountered while processing the POMs:
[ERROR] 'dependencies.dependency.version' for org.springframework.boot:spring-boot-starter-webservices:jar is missing. @ line 76, column 15
[ERROR] 'dependencies.dependency.version' for org.springframework.boot:spring-boot-starter-mail-test:jar is missing. @ line 95, column 15
[ERROR] 'dependencies.dependency.version' for org.springframework.boot:spring-boot-starter-security-test:jar is missing. @ line 100, column 15
[ERROR] 'dependencies.dependency.version' for org.springframework.boot:spring-boot-starter-webmvc-test:jar is missing. @ line 105, column 15
 @ 
[ERROR] The build could not read 1 project -> [Help 1]
[ERROR]   
[ERROR]   The project com.bluetide:services:0.0.1-SNAPSHOT (/Users/isantospro/dev/bluetide-back/pom.xml) has 4 errors
[ERROR]     'dependencies.dependency.version' for org.springframework.boot:spring-boot-starter-webservices:jar is missing. @ line 76, column 15
[ERROR]     'dependencies.dependency.version' for org.springframework.boot:spring-boot-starter-mail-test:jar is missing. @ line 95, column 15
[ERROR]     'dependencies.dependency.version' for org.springframework.boot:spring-boot-starter-security-test:jar is missing. @ line 100, column 15
[ERROR]     'dependencies.dependency.version' for org.springframework.boot:spring-boot-starter-webmvc-test:jar is missing. @ line 105, column 15
[ERROR] 
[ERROR] To see the full stack trace of the errors, re-run Maven with the -e switch.
[ERROR] Re-run Maven using the -X switch to enable full debug logging.
[ERROR] 
[ERROR] For more information about the errors and possible solutions, please read the following articles:
[ERROR] [Help 1] http://cwiki.apache.org/confluence/display/MAVEN/ProjectBuildingException
